     1                                  ; Since I'm writing asm first time, so I got help from deepseek and gemini...
     2                                  BITS 64
     3                                  org 0x400000
     4                                  default rel
     5                                  ehdr:
     6 00000000 7F454C46                    db 0x7F, "ELF"
     7 00000004 02                          db 2
     8 00000005 01                          db 1
     9 00000006 01                          db 1
    10 00000007 00                          db 0
    11 00000008 0000000000000000            dq 0
    12 00000010 0200                        dw 2
    13 00000012 3E00                        dw 0x3E
    14 00000014 01000000                    dd 1
    15 00000018 [A100000000000000]          dq main
    16 00000020 4000000000000000            dq phdr - ehdr
    17 00000028 0000000000000000            dq 0
    18 00000030 00000000                    dd 0
    19 00000034 4000                        dw ehdrsize
    20 00000036 3800                        dw phdrsize
    21 00000038 0100                        dw 1
    22 0000003A 0000                        dw 0
    23 0000003C 0000                        dw 0
    24 0000003E 0000                        dw 0
    25                                  ehdrsize equ $ - ehdr
    26                                  
    27                                  phdr:
    28 00000040 01000000                    dd 1
    29 00000044 07000000                    dd 7
    30 00000048 0000000000000000            dq 0
    31 00000050 [0000000000000000]          dq ehdr
    32 00000058 [0000000000000000]          dq ehdr
    33 00000060 8804000000000000            dq filesize
    34 00000068 9105000000000000            dq memsize
    35 00000070 0010000000000000            dq 0x1000
    36                                  phdrsize equ $ - phdr
    37                                  
    38                                  exit_no_arg:
    39 00000078 6A01                        push 1
    40 0000007A EB1F                        jmp no_recovery
    41                                  exit_fail_open:
    42 0000007C 6A02                        push 2
    43 0000007E EB1B                        jmp no_recovery
    44                                  exit_fail_store:
    45 00000080 6A03                        push 3
    46 00000082 EB17                        jmp no_recovery
    47                                  exit_fail_lseek:
    48 00000084 6A04                        push 4
    49 00000086 EB13                        jmp no_recovery
    50                                  exit:
    51                                      ; recover to normal mode
    52 00000088 6A10                        push 16
    53 0000008A 58                          pop rax
    54 0000008B 31FF                        xor edi,edi
    55 0000008D BE02540000                  mov esi, 0x5402
    56 00000092 BA[88040000]                mov edx, old_termios
    57 00000097 0F05                        syscall
    58 00000099 6A00                        push 0
    59                                  no_recovery:
    60                                      ; exit
    61 0000009B 5F                          pop rdi
    62 0000009C 6A3C                        push 60 ; sys_exit
    63 0000009E 58                          pop rax
    64 0000009F 0F05                        syscall
    65                                  
    66                                  main:
    67 000000A1 59                          pop rcx ; argc
    68 000000A2 FFC9                        dec ecx
    69 000000A4 74D2                        jz exit_no_arg
    70 000000A6 5F                          pop rdi ; argv[0]
    71 000000A7 5F                          pop rdi ; argv[1]
    72                                      ; read file
    73 000000A8 31F6                        xor esi,esi
    74 000000AA 6A02                        push 2
    75 000000AC 58                          pop rax
    76 000000AD 99                          cdq ; empty edx
    77 000000AE 0F05                        syscall
    78 000000B0 4885C0                      test rax,rax ; test if success
    79 000000B3 78C7                        js exit_fail_open
    80 000000B5 97                          xchg eax, edi ; edi=fd
    81                                  
    82                                      ; get file length
    83 000000B6 6A08                        push 8
    84 000000B8 58                          pop rax
    85 000000B9 31F6                        xor esi,esi
    86 000000BB 6A02                        push 2
    87 000000BD 5A                          pop rdx ; emptied rdx high bit 32
    88 000000BE 0F05                        syscall
    89 000000C0 4885C0                      test rax,rax
    90 000000C3 74BF                        je exit_fail_lseek
    91 000000C5 50                          push rax
    92                                      ; store size in r13
    93                                  
    94                                      ; store it somewhere(mmap)
    95 000000C6 57                          push rdi
    96 000000C7 4158                        pop r8
    97 000000C9 31FF                        xor edi,edi
    98 000000CB 5E                          pop rsi
    99 000000CC 4989F5                      mov r13,rsi
   100 000000CF B201                        mov dl,1
   101 000000D1 6A02                        push 2
   102 000000D3 415A                        pop r10
   103 000000D5 4531C9                      xor r9d,r9d
   104 000000D8 6A09                        push 9
   105 000000DA 58                          pop rax
   106 000000DB 0F05                        syscall
   107 000000DD 4885C0                      test rax,rax
   108 000000E0 789E                        js exit_fail_store
   109 000000E2 4150                        push r8
   110 000000E4 5F                          pop rdi ; recover registries
   111 000000E5 4996                        xchg rax,r14 ; base addr
   112                                      ; close the file since we no longer need it
   113 000000E7 6A03                        push 3
   114 000000E9 58                          pop rax
   115 000000EA 0F05                        syscall ; file closed
   116                                  
   117                                      ; --- set raw mode --- ;
   118                                      ; since all the reg edited is not important, so it's fine to not to push them
   119 000000EC 41BC[88040000]              mov r12d,old_termios
   120 000000F2 B010                        mov al, 16
   121 000000F4 31FF                        xor edi, edi
   122 000000F6 BE01540000                  mov esi, 0x5401
   123 000000FB 4489E2                      mov edx, r12d
   124 000000FE 0F05                        syscall
   125                                  
   126 00000100 4489E6                      mov esi, r12d
   127 00000103 41BC[C4040000]              mov r12d,new_termios
   128 00000109 4489E7                      mov edi, r12d
   129 0000010C 6A3C                        push 60
   130 0000010E 59                          pop rcx
   131 0000010F F3A4                        rep movsb
   132                                  
   133 00000111 418364240CF5                and dword [r12 + 12], ~(2 | 8)
   134 00000117 6641C74424150001            mov word [r12 + 21], 0x0100
   135                                      
   136 0000011F 6A10                        push 16
   137 00000121 58                          pop rax
   138 00000122 31FF                        xor edi, edi
   139 00000124 BE02540000                  mov esi, 0x5402
   140 00000129 4489E2                      mov edx,r12d
   141 0000012C 0F05                        syscall
   142                                  
   143                                      ; init
   144 0000012E 4D01EE                      add r14,r13
   145 00000131 49F7DD                      neg r13
   146 00000134 4531FF                      xor r15d,r15d ; last
   147 00000137 31C9                        xor ecx,ecx ; arg
   148 00000139 31DB                        xor ebx,ebx ; ebx head_pointer
   149 0000013B 4531C0                      xor r8d,r8d ; counter
   150                                      ; 0 = read_counter
   151                                      ; 1 = add_counter
   152                                      ; 2 = swap counter
   153                                      ; 3 = grow counter
   154                                      ; 4 = jmpm counter
   155 0000013E 41B118                      mov r9b, 0b00011000 ; flag
   156                                      ; 1 = sf
   157                                      ; 0 = zf
   158                                      ; 2 = cf
   159                                      ; 3 = if
   160                                      ; 4 = of
   161 00000141 BD[01050000]                mov ebp,memory
   162 00000146 41BC[51050000]              mov r12d,stack
   163 0000014C EB0B                        jmp loop
   164 0000014E 90<rep 2h>                  align 16
   165                                  next:
   166 00000150 49FFC5                      inc r13
   167 00000153 0F842FFFFFFF                jz exit
   168                                  loop:
   169 00000159 430FB60C2E                  movzx ecx, byte [r14+r13] ; get char
   170                                      ; digit filter
   171 0000015E 8D41D0                      lea eax, [rcx-'0']
   172 00000161 3C09                        cmp al,9
   173 00000163 77EB                        ja next
   174                                  loop_exe:
   175                                      ; calc arg
   176 00000165 4429F9                      sub ecx,r15d
   177 00000168 4101CF                      add r15d, ecx
   178 0000016B 89C8                        mov eax,ecx
   179 0000016D F7D9                        neg ecx
   180 0000016F 0F48C8                      cmovs ecx,eax
   181 00000172 42FF24FD[18020000]          jmp [r15*8+jump_table]
   182                                      ;loop end
   183                                  
   184                                  push_in:
   185 0000017A FFC3                        inc ebx
   186 0000017C 83E307                      and ebx,7 ; assume that rcx is the arg, already
   187 0000017F 41890CDC                    mov [r12+rbx*8],ecx ; write abs
   188 00000183 C3                          ret
   189                                  setf:
   190 00000184 9F                          lahf
   191 00000185 88E0                        mov al, ah
   192 00000187 4180E13F                    and r9b,0b00111111
   193 0000018B 24C0                        and al, 0b11000000
   194 0000018D 4108C1                      or r9b, al
   195 00000190 C3                          ret
   196                                  ins_read:
   197 00000191 410FBAF808                  btc r8d, 8 ; if counter ok
   198 00000196 7318                        jnc .next ; only one parm
   199 00000198 418B04DC                    mov eax,[r12+rbx*8] ; at(0)
   200 0000019C 448B5CCD00                  mov r11d, [rbp+rcx*8]
   201 000001A1 44895CC500                  mov [rbp+rax*8], r11d
   202 000001A6 4585DB                      test r11d,r11d
   203 000001A9 E8D6FFFFFF                  call setf
   204 000001AE EBA0                        jmp next
   205                                      .next:
   206 000001B0 E8C5FFFFFF                      call push_in
   207 000001B5 EB99                        jmp next
   208                                  ins_add:
   209 000001B7 410FBAF807                  btc r8d,7
   210 000001BC 7320                        jnc .next
   211 000001BE 85C0                        test eax,eax
   212 000001C0 7903                        jns .go
   213 000001C2 48F7D9                      neg rcx
   214                                      .go:
   215 000001C5 8D4301                      lea eax, rbx[1]
   216 000001C8 83E007                      and eax, 7
   217 000001CB 418B04C4                    mov eax, [r12+rax*8] ; at(1)
   218 000001CF 48014CC500                  add [rbp+rax*8],rcx
   219 000001D4 E8ABFFFFFF                  call setf
   220 000001D9 E972FFFFFF                  jmp next
   221                                      .next:
   222 000001DE E897FFFFFF                      call push_in
   223 000001E3 E968FFFFFF                  jmp next
   224                                  ins_set:
   225 000001E8 C644CD0000                  mov [rbp+rcx*8],0
   226 000001ED 4180C940                    or r9b,0b01000000
   227 000001F1 4180E17F                    and r9b,0b01111111
   228 000001F5 E956FFFFFF                  jmp next
   229                                  ins_push:
   230 000001FA E87BFFFFFF                  call push_in
   231 000001FF E94CFFFFFF                  jmp next
   232                                  ins_print:
   233 00000204 41F6C108                    test r9b,0b00001000 ; check OF
   234 00000208 0F8442FFFFFF                jz next
   235 0000020E 48837CCD0000                cmp qword [rbp+rcx*8], 0 ; check if is zero
   236 00000214 0F8436FFFFFF                jz next ; skip so as not to print null
   237 0000021A B801000000                  mov eax, 1 ; write()
   238 0000021F 89C7                        mov edi,eax
   239 00000221 89C2                        mov edx,eax
   240 00000223 8D74CD00                    lea esi, [rbp+rcx*8] ; pointer to addr
   241 00000227 0F05                        syscall
   242 00000229 E922FFFFFF                  jmp next
   243                                  ins_swap:
   244 0000022E 410FBAF806                  btc r8d,6 ; check if counter enough
   245 00000233 7323                        jnc .next
   246 00000235 8D4302                      lea eax, rbx[2]
   247 00000238 83E007                      and eax,7
   248 0000023B 418B04C4                    mov eax,[r12+rax*8] ; at(2)
   249 0000023F 448B54C500                  mov r10d, [rbp+rax*8]
   250 00000244 448B5CCD00                  mov r11d, [rbp+rcx*8]
   251 00000249 44895CC500                  mov [rbp+rax*8], r11d
   252 0000024E 448954CD00                  mov [rbp+rcx*8], r10d
   253 00000253 E9F8FEFFFF                  jmp next
   254                                      .next:
   255 00000258 E81DFFFFFF                      call push_in
   256 0000025D E9EEFEFFFF                  jmp next
   257                                  ins_grow:
   258 00000262 410FBAF805                  btc r8d,5 ; check if counter enough
   259 00000267 7316                        jnc .next
   260 00000269 8D4303                      lea eax, rbx[3]
   261 0000026C 83E007                      and eax, 7
   262 0000026F 418B04C4                    mov eax, [r12+rax*8] ; at(3)
   263 00000273 FF14C5[E8030000]            call [rax*8+grow_table]
   264 0000027A E9D1FEFFFF                  jmp next
   265                                      .next:
   266 0000027F E8F6FEFFFF                      call push_in
   267 00000284 E9DCFEFFFF                  jmp loop_exe
   268                                  ins_inp:
   269 00000289 41F6C110                    test r9b,0b00010000 ; test IF
   270 0000028D 0F84BDFEFFFF                jz next ; if not set, bye bye
   271 00000293 51                          push rcx ; getch start
   272 00000294 31C0                        xor eax, eax
   273 00000296 31FF                        xor edi, edi
   274 00000298 BE[00050000]                mov esi, char
   275 0000029D BA01000000                  mov edx, 1
   276 000002A2 0F05                        syscall
   277 000002A4 59                          pop rcx ; getch end
   278 000002A5 0FB60554020000              movzx eax, byte [char] ; get char
   279 000002AC 8944CD00                    mov [rbp+rcx*8], eax ; mov char
   280 000002B0 E99BFEFFFF                  jmp next ; return
   281                                  
   282                                  ins_revf:
   283 000002B5 B080                        mov al, 0x80
   284 000002B7 D2E8                        shr al, cl
   285 000002B9 4130C1                      xor r9b, al
   286 000002BC E98FFEFFFF                  jmp next
   287                                  add_grow:
   288 000002C1 480344CD00                  add rax,[rbp+rcx*8]
   289 000002C6 EB2A                        jmp do_mod
   290                                  sub_grow:
   291 000002C8 482B44CD00                  sub rax,[rbp+rcx*8]
   292 000002CD EB23                        jmp do_mod
   293                                  mul_grow:
   294 000002CF 480FAF44CD00                imul rax,[rbp+rcx*8]
   295 000002D5 EB1B                        jmp do_mod
   296                                  mod_grow:
   297 000002D7 448B5CCD00                  mov r11d,[rbp+rcx*8]
   298 000002DC 4585DB                      test r11d,r11d
   299 000002DF 7503                        jnz .ok
   300 000002E1 41FFC3                      inc r11d
   301                                      .ok:
   302 000002E4 4489D8                      mov eax, r11d
   303 000002E7 31D2                        xor edx,edx
   304 000002E9 F7F1                        div ecx
   305 000002EB 89D1                        mov ecx,edx
   306                                      ; return
   307 000002ED E992FEFFFF                  jmp setf
   308                                  do_mod:
   309 000002F2 31D2                        xor edx,edx
   310 000002F4 B10A                        mov cl,10
   311 000002F6 F7F1                        div ecx
   312 000002F8 89D1                        mov ecx,edx ; ecx = rax % 10
   313                                      ; return
   314 000002FA 85C9                        test ecx,ecx
   315 000002FC E983FEFFFF                  jmp setf ; so now the stack has the return addr on top
   316                                  div_grow:
   317 00000301 8B44CD00                    mov eax,[rbp+rcx*8]
   318 00000305 EBEB                        jmp do_mod
   319                                  xchg_grow:
   320 00000307 8B04C5[18020000]            mov eax, [jump_table+rax*8]
   321 0000030E 8B0CCD[18020000]            mov ecx, [jump_table+rcx*8]
   322 00000315 890CC5[18020000]            mov [jump_table+rax*8], ecx
   323 0000031C 8904CD[18020000]            mov [jump_table+rcx*8], eax
   324                                      ; return
   325 00000323 C3                          ret
   326                                  default_grow:
   327                                      ; return
   328 00000324 C3                          ret
   329                                  
   330                                  jmp_z:
   331 00000325 41F6C140                    test r9b,0b01000000
   332 00000329 7437                        jz jmp_default
   333                                      ;return
   334 0000032B EB5A                        jmp jmp_
   335                                  jmp_nz:
   336 0000032D 41F6C140                    test r9b,0b01000000
   337 00000331 752F                        jnz jmp_default
   338                                      ;return
   339 00000333 EB52                        jmp jmp_
   340                                  jmp_s:
   341 00000335 41F6C180                    test r9b,0b10000000
   342 00000339 7427                        jz jmp_default
   343                                      ;return
   344 0000033B EB4A                        jmp jmp_
   345                                  jmp_ns:
   346 0000033D 41F6C180                    test r9b,0b10000000
   347 00000341 751F                        jnz jmp_default
   348                                      ;return
   349 00000343 EB42                        jmp jmp_
   350                                  ins_jmpm:
   351 00000345 410FBAF804                  btc r8d,4 ; test if counter enough
   352 0000034A 7311                        jnc .next ; counter not enough
   353 0000034C 8D4304                      lea eax, rbx[4]
   354 0000034F 83E007                      and eax, 7
   355 00000352 418B04C4                    mov eax, [r12+rax*8] ; at(4)
   356 00000356 FF24C5[38040000]            jmp [rax*8+jmpm_table] ; goto get conditions
   357                                      .next:
   358 0000035D E818FEFFFF                      call push_in
   359                                  jmp_default:
   360 00000362 49FFC5                      inc r13
   361                                  jmp_finish:
   362 00000365 4180F008                    xor r8b,0b00001000 ; reverse the counter
   363 00000369 4D85ED                      test r13,r13
   364 0000036C 0F88E7FDFFFF                js loop
   365 00000372 E911FDFFFF                  jmp exit
   366                                  jmp_sz: ; ZF || SF
   367 00000377 41F6C1C0                    test r9b,0b11000000
   368 0000037B 74E5                        jz jmp_default
   369                                      ;return
   370 0000037D EB08                        jmp jmp_
   371                                  jmp_nsz: ; !ZF && !SF
   372 0000037F 41F6C1C0                    test r9b,0b11000000
   373 00000383 75DD                        jnz jmp_default
   374                                      ;return
   375 00000385 EB00                        jmp jmp_
   376                                  jmp_:
   377 00000387 4C036CCD00                  add r13,[rbp+rcx*8]
   378                                      ;return
   379 0000038C EBD7                        jmp jmp_finish
   380                                  jmp_c:
   381 0000038E 41F6C120                    test r9b,0b00100000
   382 00000392 74CE                        jz jmp_default
   383                                      ;return
   384 00000394 EBF1                        jmp jmp_
   385 00000396 90<rep 2h>              align 8
   386                                  jump_table equ $ - 384
   387 00000398 [9101000000000000]          dq ins_read
   388 000003A0 [B701000000000000]          dq ins_add
   389 000003A8 [E801000000000000]          dq ins_set
   390 000003B0 [FA01000000000000]          dq ins_push
   391 000003B8 [0402000000000000]          dq ins_print
   392 000003C0 [2E02000000000000]          dq ins_swap
   393 000003C8 [6202000000000000]          dq ins_grow
   394 000003D0 [8902000000000000]          dq ins_inp
   395 000003D8 [4503000000000000]          dq ins_jmpm
   396 000003E0 [B502000000000000]          dq ins_revf
   397                                  grow_table:
   398 000003E8 [C102000000000000]          dq add_grow
   399 000003F0 [C802000000000000]          dq sub_grow
   400 000003F8 [CF02000000000000]          dq mul_grow
   401 00000400 [D702000000000000]          dq mod_grow
   402 00000408 [0103000000000000]          dq div_grow
   403 00000410 [0703000000000000]          dq xchg_grow
   404 00000418 [2403000000000000]-         times 4 dq default_grow
   404 00000418 <rep 4h>           
   405                                  jmpm_table:
   406 00000438 [2503000000000000]          dq jmp_z
   407 00000440 [2D03000000000000]          dq jmp_nz
   408 00000448 [3503000000000000]          dq jmp_s
   409 00000450 [3D03000000000000]          dq jmp_ns
   410 00000458 [7703000000000000]          dq jmp_sz
   411 00000460 [7F03000000000000]          dq jmp_nsz
   412 00000468 [8703000000000000]          dq jmp_
   413 00000470 [8E03000000000000]          dq jmp_c
   414 00000478 [6203000000000000]-         times 2 dq jmp_default
   414 00000478 <rep 2h>           
   415                                  ; --- end --- ;
   416                                  
   417                                  filesize equ $ - ehdr
   418                                  
   419                                  ABSOLUTE $ ; Tell NASM: me want virtual address
   420                                  
   421 00000488 <res 3Ch>               old_termios resb 60
   422 000004C4 <res 3Ch>               new_termios resb 60
   423 00000500 ??                      char resb 1
   424 00000501 <res 50h>               memory resq 10
   425 00000551 <res 40h>               stack resq 8
   426                                  
   427                                  memsize equ $-ehdr
