     1                                  ; Since I'm writing asm first time, so I got help from deepseek and gemini...
     2                                  BITS 64
     3                                  org 0x400000
     4                                  default rel
     5                                  ehdr:
     6 00000000 7F454C46                    db 0x7F, "ELF"
     7 00000004 02                          db 2
     8 00000005 01                          db 1
     9 00000006 01                          db 1
    10 00000007 00                          db 0
    11 00000008 0000000000000000            dq 0
    12 00000010 0200                        dw 2
    13 00000012 3E00                        dw 0x3E
    14 00000014 01000000                    dd 1
    15 00000018 [A100000000000000]          dq main
    16 00000020 4000000000000000            dq phdr - ehdr
    17 00000028 0000000000000000            dq 0
    18 00000030 00000000                    dd 0
    19 00000034 4000                        dw ehdrsize
    20 00000036 3800                        dw phdrsize
    21 00000038 0100                        dw 1
    22 0000003A 0000                        dw 0
    23 0000003C 0000                        dw 0
    24 0000003E 0000                        dw 0
    25                                  ehdrsize equ $ - ehdr
    26                                  
    27                                  phdr:
    28 00000040 01000000                    dd 1
    29 00000044 07000000                    dd 7
    30 00000048 0000000000000000            dq 0
    31 00000050 [0000000000000000]          dq ehdr
    32 00000058 [0000000000000000]          dq ehdr
    33 00000060 1F05000000000000            dq filesize
    34 00000068 2806000000000000            dq memsize
    35 00000070 0010000000000000            dq 0x1000
    36                                  phdrsize equ $ - phdr
    37                                  
    38                                  exit_no_arg:
    39 00000078 6A01                        push 1
    40 0000007A EB1F                        jmp no_recovery
    41                                  exit_fail_open:
    42 0000007C 6A02                        push 2
    43 0000007E EB1B                        jmp no_recovery
    44                                  exit_fail_store:
    45 00000080 6A03                        push 3
    46 00000082 EB17                        jmp no_recovery
    47                                  exit_fail_lseek:
    48 00000084 6A04                        push 4
    49 00000086 EB13                        jmp no_recovery
    50                                  exit:
    51 00000088 6A00                        push 0
    52                                      ; recover to normal mode
    53 0000008A 6A10                        push 16
    54 0000008C 58                          pop rax
    55 0000008D 31FF                        xor edi,edi
    56 0000008F BE02540000                  mov esi, 0x5402
    57 00000094 BA[1F050000]                mov edx, old_termios
    58 00000099 0F05                        syscall
    59                                  no_recovery:
    60                                      ; exit
    61 0000009B 5F                          pop rdi
    62 0000009C 6A3C                        push 60 ; sys_exit
    63 0000009E 58                          pop rax
    64 0000009F 0F05                        syscall
    65                                  
    66                                  main:
    67 000000A1 59                          pop rcx ; argc
    68 000000A2 4883F902                    cmp rcx,2
    69 000000A6 72D0                        jb exit_no_arg
    70 000000A8 5F                          pop rdi ; argv[0]
    71 000000A9 5F                          pop rdi ; argv[1]
    72 000000AA 31F6                        xor esi,esi
    73 000000AC 6A02                        push 2
    74 000000AE 58                          pop rax
    75 000000AF 99                          cdq
    76 000000B0 0F05                        syscall
    77 000000B2 4885C0                      test rax,rax ; test if success
    78 000000B5 78C5                        js exit_fail_open
    79 000000B7 97                          xchg eax, edi ; fd
    80                                  
    81                                      ; get file length
    82 000000B8 6A08                        push 8
    83 000000BA 58                          pop rax
    84 000000BB 31F6                        xor esi,esi
    85 000000BD 6A02                        push 2
    86 000000BF 5A                          pop rdx ; emptied rdx high bit 32
    87 000000C0 0F05                        syscall
    88 000000C2 4885C0                      test rax,rax
    89 000000C5 74BD                        je exit_fail_lseek
    90 000000C7 50                          push rax
    91                                      ; store size in r13
    92                                  
    93                                      ; store it somewhere(mmap)
    94 000000C8 57                          push rdi
    95 000000C9 4158                        pop r8
    96 000000CB 31FF                        xor edi,edi
    97 000000CD 5E                          pop rsi
    98 000000CE 4989F5                      mov r13,rsi
    99 000000D1 B201                        mov dl,1
   100 000000D3 6A02                        push 2
   101 000000D5 415A                        pop r10
   102 000000D7 4531C9                      xor r9d,r9d
   103 000000DA 6A09                        push 9
   104 000000DC 58                          pop rax
   105 000000DD 0F05                        syscall
   106 000000DF 4885C0                      test rax,rax
   107 000000E2 789C                        js exit_fail_store
   108 000000E4 4150                        push r8
   109 000000E6 5F                          pop rdi ; recover registries
   110 000000E7 4996                        xchg rax,r14 ; base addr
   111                                      ; close the file since we no longer need it
   112 000000E9 6A03                        push 3
   113 000000EB 58                          pop rax
   114 000000EC 0F05                        syscall ; file closed
   115                                  
   116                                      ; --- set raw mode --- ;
   117                                      ; since all the reg edited is not important, so it's fine to not to push them
   118 000000EE 41BC[1F050000]              mov r12d,old_termios
   119 000000F4 6A10                        push 16
   120 000000F6 58                          pop rax
   121 000000F7 31FF                        xor edi, edi
   122 000000F9 BE01540000                  mov esi, 0x5401
   123 000000FE 4489E2                      mov edx, r12d
   124 00000101 0F05                        syscall
   125                                  
   126 00000103 4489E6                      mov esi, r12d
   127 00000106 41BC[5B050000]              mov r12d,new_termios
   128 0000010C 4489E7                      mov edi, r12d
   129 0000010F 6A3C                        push 60
   130 00000111 59                          pop rcx
   131 00000112 F3A4                        rep movsb
   132                                  
   133 00000114 418364240CF5                and dword [r12 + 12], ~(2 | 8)
   134 0000011A 6641C74424150001            mov word [r12 + 21], 0x0100
   135                                      
   136 00000122 6A10                        push 16
   137 00000124 58                          pop rax
   138 00000125 31FF                        xor edi, edi
   139 00000127 BE02540000                  mov esi, 0x5402
   140 0000012C 4489E2                      mov edx,r12d
   141 0000012F 0F05                        syscall
   142                                  
   143                                      ; init
   144 00000131 4D01EE                      add r14,r13
   145 00000134 49F7DD                      neg r13
   146 00000137 6AFF                        push -1
   147 00000139 415F                        pop r15 ; last
   148 0000013B 31C9                        xor ecx,ecx ; arg
   149 0000013D 31DB                        xor ebx,ebx ; ebx head_pointer
   150 0000013F 4530C0                      xor r8b,r8b ; counter
   151                                      ; 0 = read_counter
   152                                      ; 1 = add_counter
   153                                      ; 2 = swap counter
   154                                      ; 3 = grow counter
   155                                      ; 4 = jmpm counter
   156 00000142 41B118                      mov r9b, 0b00011000 ; flag
   157                                      ; 1 = sf
   158                                      ; 0 = zf
   159                                      ; 2 = cf
   160                                      ; 3 = if
   161                                      ; 4 = of
   162 00000145 BD[98050000]                mov ebp,memory
   163 0000014A 41BC[E8050000]              mov r12d,stack
   164 00000150 EB17                        jmp loop
   165 00000152 90<rep Eh>                  align 16
   166                                  next:
   167 00000160 49FFC5                      inc r13
   168 00000163 0F841FFFFFFF                jz exit
   169                                  loop:
   170 00000169 430FB60C2E                  movzx ecx, byte [r14+r13] ; get char
   171                                      ; digit filter
   172 0000016E 4883E930                    sub rcx,'0'
   173 00000172 4883F909                    cmp rcx,9
   174 00000176 77E8                        ja next
   175                                  loop_exe:
   176                                      ; calc arg
   177 00000178 4D85FF                      test r15,r15 ; set flag
   178 0000017B 7813                        js .there ; reduce jmps, generally
   179 0000017D 4129CF                      sub r15d,ecx
   180 00000180 89C8                        mov eax,ecx ; xchg ecx,r15d ; mov is faster
   181 00000182 4489F9                      mov ecx,r15d
   182 00000185 4189C7                      mov r15d,eax
   183 00000188 42FF24FD[A0010000]          jmp [r15*8+jump_table]
   184                                      .there:
   185 00000190 4189CF                      mov r15d,ecx
   186 00000193 42FF24FD[A0010000]          jmp [r15*8+jump_table]
   187                                      ;loop end
   188 0000019B 90<rep 5h>              align 8
   189                                  jump_table:
   190 000001A0 [1402000000000000]          dq ins_read
   191 000001A8 [4802000000000000]          dq ins_add
   192 000001B0 [7402000000000000]          dq ins_set
   193 000001B8 [8B02000000000000]          dq ins_push
   194 000001C0 [A102000000000000]          dq ins_print
   195 000001C8 [D002000000000000]          dq ins_swap
   196 000001D0 [0603000000000000]          dq ins_grow
   197 000001D8 [8703000000000000]          dq ins_inp
   198 000001E0 [BC04000000000000]          dq ins_jmpm
   199 000001E8 [B903000000000000]          dq ins_revf
   200                                  get_val:
   201 000001F0 00D8                        add al,bl ; assume rax as parm
   202 000001F2 2407                        and al,7
   203 000001F4 0FB6C0                      movzx eax, al
   204 000001F7 418B04C4                    mov eax, [r12+rax*8]
   205 000001FB C3                          ret
   206                                  push_in:
   207 000001FC FFC3                        inc ebx
   208 000001FE 83E307                      and ebx,7 ; assume that rcx is the arg, already
   209 00000201 41890CDC                    mov [r12+rbx*8],ecx ; write abs
   210 00000205 C3                          ret
   211                                  setf:
   212 00000206 9F                          lahf
   213 00000207 0FB6C4                      movzx eax,ah
   214 0000020A 4180E13F                    and r9b,0b00111111
   215 0000020E 24C0                        and al, 0b11000000
   216 00000210 4108C1                      or r9b, al
   217 00000213 C3                          ret
   218                                  ins_read:
   219 00000214 E87C000000                  call get_abs_rcx ; get abs of rcx
   220 00000219 41F6C080                    test r8b, 0b10000000 ; if counter ok
   221 0000021D 741B                        jz strict short .next ; only one parm
   222 0000021F 30C0                        xor al,al
   223 00000221 E8CAFFFFFF                  call get_val ; at(0)
   224 00000226 4C8B5CCD00                  mov r11, [rbp+rcx*8]
   225 0000022B 4C895CC500                  mov [rbp+rax*8], r11
   226 00000230 4D85DB                      test r11,r11
   227 00000233 E8CEFFFFFF                  call setf
   228 00000238 EB05                        jmp .finish
   229                                      .next:
   230 0000023A E8BDFFFFFF                      call push_in
   231                                      .finish:
   232 0000023F 4180F080                    xor r8b, 0b10000000
   233 00000243 E918FFFFFF                  jmp next
   234                                  ins_add:
   235 00000248 41F6C040                    test r8b,0b01000000
   236 0000024C 7413                        jz strict short .next
   237 0000024E B001                        mov al,1
   238 00000250 E89BFFFFFF                  call get_val
   239 00000255 48014CC500                  add [rbp+rax*8],rcx
   240 0000025A E8A7FFFFFF                  call setf
   241 0000025F EB0A                        jmp short .finish
   242                                      .next:
   243 00000261 E82F000000                      call get_abs_rcx
   244 00000266 E891FFFFFF                      call push_in
   245                                      .finish:
   246 0000026B 4180F040                    xor r8b,0b01000000
   247 0000026F E9ECFEFFFF                  jmp next
   248                                  ins_set:
   249 00000274 E81C000000                  call get_abs_rcx
   250 00000279 C644CD0000                  mov [rbp+rcx*8],0
   251 0000027E 4180C940                    or r9b,0b01000000
   252 00000282 4180E17F                    and r9b,0b01111111
   253 00000286 E9D5FEFFFF                  jmp next
   254                                  ins_push:
   255 0000028B E86CFFFFFF                  call push_in
   256 00000290 E9CBFEFFFF                  jmp next
   257                                  get_abs_rcx:
   258 00000295 4889C8                      mov rax,rcx
   259 00000298 4899                        cqo
   260 0000029A 4831D1                      xor rcx,rdx
   261 0000029D 4829D1                      sub rcx,rdx
   262 000002A0 C3                          ret
   263                                  ins_print:
   264 000002A1 41F6C108                    test r9b,0b00001000 ; check OF
   265 000002A5 0F84B5FEFFFF                jz next
   266 000002AB E8E5FFFFFF                  call get_abs_rcx
   267 000002B0 48837CCD0000                cmp qword [rbp+rcx*8], 0 ; check if is zero
   268 000002B6 0F84A4FEFFFF                jz next ; skip so as not to print null
   269 000002BC B801000000                  mov eax, 1 ; write()
   270 000002C1 89C7                        mov edi,eax
   271 000002C3 89C2                        mov edx,eax
   272 000002C5 8D74CD00                    lea esi, [rbp+rcx*8] ; pointer to addr
   273 000002C9 0F05                        syscall
   274 000002CB E990FEFFFF                  jmp next
   275                                  ins_swap:
   276 000002D0 41F6C020                    test r8b,0b00100000 ; check if counter enough
   277 000002D4 7422                        jz .next
   278 000002D6 E8BAFFFFFF                  call get_abs_rcx
   279 000002DB B002                        mov al,2
   280 000002DD E80EFFFFFF                  call get_val
   281 000002E2 4C8B54C500                  mov r10, [rbp+rax*8]
   282 000002E7 4C8B5CCD00                  mov r11, [rbp+rcx*8]
   283 000002EC 4C895CC500                  mov [rbp+rax*8], r11
   284 000002F1 4C8954CD00                  mov [rbp+rcx*8], r10
   285 000002F6 EB05                        jmp .finish
   286                                      .next:
   287 000002F8 E8FFFEFFFF                      call push_in
   288                                      .finish:
   289 000002FD 4180F020                    xor r8b,0b00100000
   290 00000301 E95AFEFFFF                  jmp next
   291                                  ins_grow:
   292 00000306 41F6C010                    test r8b,0b00010000 ; check if counter enough
   293 0000030A 7415                        jz .next
   294 0000030C E884FFFFFF                  call get_abs_rcx
   295 00000311 B003                        mov al,3
   296 00000313 E8D8FEFFFF                  call get_val
   297 00000318 FF14C5[2F030000]            call [rax*8+grow_table]
   298 0000031F EB05                        jmp .finish
   299                                      .next:
   300 00000321 E8D6FEFFFF                      call push_in
   301                                      .finish:
   302 00000326 4180F010                    xor r8b,0b00010000
   303 0000032A E949FEFFFF                  jmp loop_exe
   304                                  grow_table:
   305 0000032F [CD03000000000000]          dq add_grow
   306 00000337 [D403000000000000]          dq sub_grow
   307 0000033F [DB03000000000000]          dq mul_grow
   308 00000347 [E303000000000000]          dq mod_grow
   309 0000034F [1104000000000000]          dq div_grow
   310 00000357 [1804000000000000]          dq xchg_grow
   311 0000035F [3704000000000000]-         times 5 dq default_grow
   311 0000035F <rep 5h>           
   312                                  ins_inp:
   313 00000387 41F6C110                    test r9b,0b00010000 ; test IF
   314 0000038B 0F84CFFDFFFF                jz next ; if not set, bye bye
   315 00000391 E8FFFEFFFF                  call get_abs_rcx
   316 00000396 51                          push rcx ; getch start
   317 00000397 31C0                        xor eax, eax
   318 00000399 31FF                        xor edi, edi
   319 0000039B BE[97050000]                mov esi, char
   320 000003A0 BA01000000                  mov edx, 1
   321 000003A5 0F05                        syscall
   322 000003A7 59                          pop rcx ; getch end
   323 000003A8 0FB605E8010000              movzx eax, byte [char] ; get char
   324 000003AF 488944CD00                  mov [rbp+rcx*8],rax ; mov char
   325 000003B4 E9A7FDFFFF                  jmp next ; return
   326                                  
   327                                  ins_revf:
   328 000003B9 E8D7FEFFFF                  call get_abs_rcx
   329 000003BE 80F107                      xor cl, 7
   330 000003C1 B001                        mov al, 1
   331 000003C3 D2E0                        shl al, cl
   332 000003C5 4130C1                      xor r9b, al
   333 000003C8 E993FDFFFF                  jmp next
   334                                  add_grow:
   335 000003CD 480344CD00                  add rax,[rbp+rcx*8]
   336 000003D2 EB29                        jmp do_mod
   337                                  sub_grow:
   338 000003D4 482B44CD00                  sub rax,[rbp+rcx*8]
   339 000003D9 EB22                        jmp do_mod
   340                                  mul_grow:
   341 000003DB 480FAF44CD00                imul rax,[rbp+rcx*8]
   342 000003E1 EB1A                        jmp do_mod
   343                                  mod_grow:
   344 000003E3 4C8B5CCD00                  mov r11,[rbp+rcx*8]
   345 000003E8 B101                        mov cl,1
   346 000003EA 4D85DB                      test r11,r11
   347 000003ED 0F44C1                      cmovz eax,ecx
   348 000003F0 31D2                        xor edx,edx
   349 000003F2 48F7F1                      div rcx
   350 000003F5 89D1                        mov ecx,edx
   351                                      ; return
   352 000003F7 E80AFEFFFF                  call setf
   353 000003FC C3                          ret
   354                                  do_mod:
   355 000003FD 31D2                        xor edx,edx
   356 000003FF B90A000000                  mov ecx,10
   357 00000404 48F7F1                      div rcx
   358 00000407 89D1                        mov ecx,edx ; ecx = rax % 10
   359                                      ; return
   360 00000409 85C9                        test ecx,ecx
   361 0000040B E8F6FDFFFF                  call setf ; so now the stack has the return addr on top
   362 00000410 C3                          ret
   363                                  div_grow:
   364 00000411 488B44CD00                  mov rax,[rbp+rcx*8]
   365 00000416 EBE5                        jmp do_mod
   366                                  xchg_grow:
   367 00000418 FF34C5[A0010000]            push [jump_table+rax*8]
   368 0000041F FF34CD[A0010000]            push [jump_table+rcx*8]
   369 00000426 668F04C5[A0010000]          pop [jump_table+rax*8]
   370 0000042E 668F04CD[A0010000]          pop [jump_table+rcx*8]
   371                                      ; return
   372 00000436 C3                          ret
   373                                  default_grow:
   374                                      ; return
   375 00000437 C3                          ret
   376                                  
   377                                  jmpm_table:
   378 00000438 [8804000000000000]          dq jmp_z
   379 00000440 [9504000000000000]          dq jmp_nz
   380 00000448 [A204000000000000]          dq jmp_s
   381 00000450 [AF04000000000000]          dq jmp_ns
   382 00000458 [EC04000000000000]          dq jmp_sz
   383 00000460 [F904000000000000]          dq jmp_nsz
   384 00000468 [0605000000000000]          dq jmp_
   385 00000470 [0D05000000000000]          dq jmp_c
   386 00000478 [1A05000000000000]-         times 2 dq jmp_default
   386 00000478 <rep 2h>           
   387                                  jmp_z:
   388 00000488 41F6C140                    test r9b,0b01000000
   389 0000048C 744C                        jz jmp_finish
   390 0000048E 4C036CCD00                  add r13,[rbp+rcx*8]
   391                                      ;return
   392 00000493 EB45                        jmp jmp_finish
   393                                  jmp_nz:
   394 00000495 41F6C140                    test r9b,0b01000000
   395 00000499 753F                        jnz jmp_finish
   396 0000049B 4C036CCD00                  add r13,[rbp+rcx*8]
   397                                      ;return
   398 000004A0 EB38                        jmp jmp_finish
   399                                  jmp_s:
   400 000004A2 41F6C180                    test r9b,0b10000000
   401 000004A6 7432                        jz jmp_finish
   402 000004A8 4C036CCD00                  add r13,[rbp+rcx*8]
   403                                      ;return
   404 000004AD EB2B                        jmp jmp_finish
   405                                  jmp_ns:
   406 000004AF 41F6C180                    test r9b,0b10000000
   407 000004B3 7525                        jnz jmp_finish
   408 000004B5 4C036CCD00                  add r13,[rbp+rcx*8]
   409                                      ;return
   410 000004BA EB1E                        jmp jmp_finish
   411                                  ins_jmpm:
   412 000004BC 41F6C008                    test r8b,0b00001000 ; test if counter enough
   413 000004C0 7413                        jz .next ; counter not enough
   414 000004C2 E8CEFDFFFF                  call get_abs_rcx
   415 000004C7 B004                        mov al,4
   416 000004C9 E822FDFFFF                  call get_val ; at(4)
   417 000004CE FF24C5[38040000]            jmp [rax*8+jmpm_table] ; goto get conditions
   418                                      .next:
   419 000004D5 E822FDFFFF                      call push_in
   420                                  jmp_finish:
   421 000004DA 4180F008                    xor r8b,0b00001000 ; reverse the counter
   422 000004DE 4D85ED                      test r13,r13
   423 000004E1 0F8882FCFFFF                js loop
   424 000004E7 E99CFBFFFF                  jmp exit
   425                                  jmp_sz: ; ZF || SF
   426 000004EC 41F6C1C0                    test r9b,0b11000000
   427 000004F0 74E8                        jz jmp_finish
   428                                      ;return
   429 000004F2 4C036CCD00                  add r13,[rbp+rcx*8]
   430 000004F7 EBE1                        jmp jmp_finish
   431                                  jmp_nsz: ; !ZF && !SF
   432 000004F9 41F6C1C0                    test r9b,0b11000000
   433 000004FD 75DB                        jnz jmp_finish
   434 000004FF 4C036CCD00                  add r13,[rbp+rcx*8]
   435                                      ;return
   436 00000504 EBD4                        jmp jmp_finish
   437                                  jmp_:
   438 00000506 4C036CCD00                  add r13,[rbp+rcx*8]
   439                                      ;return
   440 0000050B EBCD                        jmp jmp_finish
   441                                  jmp_c:
   442 0000050D 41F6C120                    test r9b,0b00100000
   443 00000511 74C7                        jz jmp_finish
   444 00000513 4C036CCD00                  add r13,[rbp+rcx*8]
   445                                      ;return
   446 00000518 EBC0                        jmp jmp_finish
   447                                  jmp_default:
   448                                      ;return
   449 0000051A 49FFC5                      inc r13
   450 0000051D EBBB                        jmp jmp_finish
   451                                  ; --- end --- ;
   452                                  
   453                                  filesize equ $ - ehdr
   454                                  
   455                                  ABSOLUTE $ ; Tell NASM: me want virtual address
   456                                  
   457 0000051F <res 3Ch>               old_termios resb 60
   458 0000055B <res 3Ch>               new_termios resb 60
   459 00000597 ??                      char resb 1
   460 00000598 <res 50h>               memory resq 10
   461 000005E8 <res 40h>               stack resq 8
   462                                  
   463                                  memsize equ $-ehdr
